[[1;34mINFO[m] Scanning for projects...
[[1;34mINFO[m] 
[[1;34mINFO[m] [1m----------------------< [0;36mcom.ensa:config-service[0;1m >-----------------------[m
[[1;34mINFO[m] [1mBuilding config-service 0.0.1-SNAPSHOT[m
[[1;34mINFO[m] [1m--------------------------------[ jar ]---------------------------------[m
[[1;34mINFO[m] 
[[1;34mINFO[m] [1m>>> [0;32mspring-boot-maven-plugin:4.0.2:run[m [1m(default-cli)[0;1m > [0;1mtest-compile[m @ [36mconfig-service[0;1m >>>[m
[[1;34mINFO[m] 
[[1;34mINFO[m] [1m--- [0;32mmaven-resources-plugin:3.3.1:resources[m [1m(default-resources)[m @ [36mconfig-service[0;1m ---[m
[[1;34mINFO[m] Copying 1 resource from src/main/resources to target/classes
[[1;34mINFO[m] Copying 0 resource from src/main/resources to target/classes
[[1;34mINFO[m] 
[[1;34mINFO[m] [1m--- [0;32mmaven-compiler-plugin:3.14.1:compile[m [1m(default-compile)[m @ [36mconfig-service[0;1m ---[m
[[1;34mINFO[m] Recompiling the module because of [1mchanged source code[m.
[[1;34mINFO[m] Compiling 1 source file with javac [debug parameters release 17] to target/classes
[[1;34mINFO[m] 
[[1;34mINFO[m] [1m--- [0;32mmaven-resources-plugin:3.3.1:testResources[m [1m(default-testResources)[m @ [36mconfig-service[0;1m ---[m
[[1;34mINFO[m] skip non existing resourceDirectory /home/hk/Documents/mini projet(gestion-incidents)/gestion-incidents/services/config-service/src/test/resources
[[1;34mINFO[m] 
[[1;34mINFO[m] [1m--- [0;32mmaven-compiler-plugin:3.14.1:testCompile[m [1m(default-testCompile)[m @ [36mconfig-service[0;1m ---[m
[[1;34mINFO[m] Recompiling the module because of [1mchanged dependency[m.
[[1;34mINFO[m] Compiling 1 source file with javac [debug parameters release 17] to target/test-classes
[[1;34mINFO[m] 
[[1;34mINFO[m] [1m<<< [0;32mspring-boot-maven-plugin:4.0.2:run[m [1m(default-cli)[0;1m < [0;1mtest-compile[m @ [36mconfig-service[0;1m <<<[m
[[1;34mINFO[m] 
[[1;34mINFO[m] 
[[1;34mINFO[m] [1m--- [0;32mspring-boot-maven-plugin:4.0.2:run[m [1m(default-cli)[m @ [36mconfig-service[0;1m ---[m
[[1;34mINFO[m] Attaching agents: []

  .   ____          _            __ _ _
 /\\ / ___'_ __ _ _(_)_ __  __ _ \ \ \ \
( ( )\___ | '_ | '_| | '_ \/ _` | \ \ \ \
 \\/  ___)| |_)| | | | | || (_| |  ) ) ) )
  '  |____| .__|_| |_|_| |_\__, | / / / /
 =========|_|==============|___/=/_/_/_/

 :: Spring Boot ::                (v4.0.2)

2026-02-21T16:09:58.608Z  INFO 530402 --- [config-service] [           main] c.ensa.config.ConfigServiceApplication   : Starting ConfigServiceApplication using Java 17.0.18 with PID 530402 (/home/hk/Documents/mini projet(gestion-incidents)/gestion-incidents/services/config-service/target/classes started by hk in /home/hk/Documents/mini projet(gestion-incidents)/gestion-incidents/services/config-service)
2026-02-21T16:09:58.612Z  INFO 530402 --- [config-service] [           main] c.ensa.config.ConfigServiceApplication   : No active profile set, falling back to 1 default profile: "default"
2026-02-21T16:10:01.823Z  INFO 530402 --- [config-service] [           main] o.s.cloud.context.scope.GenericScope     : BeanFactory id=5ad5ce0d-65a0-3967-abe5-fa990d01fbd2
2026-02-21T16:10:02.698Z  INFO 530402 --- [config-service] [           main] o.s.boot.tomcat.TomcatWebServer          : Tomcat initialized with port 8888 (http)
2026-02-21T16:10:02.727Z  INFO 530402 --- [config-service] [           main] o.apache.catalina.core.StandardService   : Starting service [Tomcat]
2026-02-21T16:10:02.729Z  INFO 530402 --- [config-service] [           main] o.apache.catalina.core.StandardEngine    : Starting Servlet engine: [Apache Tomcat/11.0.15]
2026-02-21T16:10:02.869Z  INFO 530402 --- [config-service] [           main] b.w.c.s.WebApplicationContextInitializer : Root WebApplicationContext: initialization completed in 4120 ms
2026-02-21T16:10:06.705Z  INFO 530402 --- [config-service] [           main] o.s.b.a.e.web.EndpointLinksResolver      : Exposing 1 endpoint beneath base path '/actuator'
2026-02-21T16:10:06.959Z  INFO 530402 --- [config-service] [           main] o.s.boot.tomcat.TomcatWebServer          : Tomcat started on port 8888 (http) with context path '/'
2026-02-21T16:10:07.052Z  INFO 530402 --- [config-service] [           main] c.ensa.config.ConfigServiceApplication   : Started ConfigServiceApplication in 10.727 seconds (process running for 12.358)
2026-02-21T16:10:11.117Z  INFO 530402 --- [config-service] [nio-8888-exec-2] o.a.c.c.C.[Tomcat].[localhost].[/]       : Initializing Spring DispatcherServlet 'dispatcherServlet'
2026-02-21T16:10:11.118Z  INFO 530402 --- [config-service] [nio-8888-exec-2] o.s.web.servlet.DispatcherServlet        : Initializing Servlet 'dispatcherServlet'
2026-02-21T16:10:11.122Z  INFO 530402 --- [config-service] [nio-8888-exec-2] o.s.web.servlet.DispatcherServlet        : Completed initialization in 4 ms
2026-02-21T16:10:11.551Z  INFO 530402 --- [config-service] [nio-8888-exec-2] .c.s.e.MultipleJGitEnvironmentRepository : Cannot pull from remote null, the working tree is not clean.
2026-02-21T16:10:11.604Z  WARN 530402 --- [config-service] [nio-8888-exec-2] .c.s.e.MultipleJGitEnvironmentRepository : Could not merge remote for main remote: null
2026-02-21T16:10:11.610Z  WARN 530402 --- [config-service] [nio-8888-exec-2] .c.s.e.MultipleJGitEnvironmentRepository : The local repository is dirty or ahead of origin. Resetting it to origin/main.
2026-02-21T16:10:11.622Z  WARN 530402 --- [config-service] [nio-8888-exec-2] .c.s.e.MultipleJGitEnvironmentRepository : Could not reset to remote for main (current ref=refs/remotes/origin/main), remote: null
2026-02-21T16:10:11.665Z  INFO 530402 --- [config-service] [nio-8888-exec-2] o.s.c.c.s.e.NativeEnvironmentRepository  : Adding property source: Config resource 'file [/home/hk/Documents/mini projet(gestion-incidents)/config-repo/incident-service.yml]' via location 'file:/home/hk/Documents/mini%20projet(gestion-incidents)/config-repo/'
2026-02-21T16:10:11.666Z  INFO 530402 --- [config-service] [nio-8888-exec-2] o.s.c.c.s.e.NativeEnvironmentRepository  : Adding property source: Config resource 'file [/home/hk/Documents/mini projet(gestion-incidents)/config-repo/application.yml]' via location 'file:/home/hk/Documents/mini%20projet(gestion-incidents)/config-repo/'
2026-02-21T16:10:11.687Z  INFO 530402 --- [config-service] [nio-8888-exec-1] .c.s.e.MultipleJGitEnvironmentRepository : Cannot pull from remote null, the working tree is not clean.
2026-02-21T16:10:11.699Z  WARN 530402 --- [config-service] [nio-8888-exec-1] .c.s.e.MultipleJGitEnvironmentRepository : Could not merge remote for main remote: null
2026-02-21T16:10:11.703Z  WARN 530402 --- [config-service] [nio-8888-exec-1] .c.s.e.MultipleJGitEnvironmentRepository : The local repository is dirty or ahead of origin. Resetting it to origin/main.
2026-02-21T16:10:11.705Z  WARN 530402 --- [config-service] [nio-8888-exec-1] .c.s.e.MultipleJGitEnvironmentRepository : Could not reset to remote for main (current ref=refs/remotes/origin/main), remote: null
2026-02-21T16:10:11.730Z  INFO 530402 --- [config-service] [nio-8888-exec-1] o.s.c.c.s.e.NativeEnvironmentRepository  : Adding property source: Config resource 'file [/home/hk/Documents/mini projet(gestion-incidents)/config-repo/gateway-service.yml]' via location 'file:/home/hk/Documents/mini%20projet(gestion-incidents)/config-repo/'
2026-02-21T16:10:11.731Z  INFO 530402 --- [config-service] [nio-8888-exec-1] o.s.c.c.s.e.NativeEnvironmentRepository  : Adding property source: Config resource 'file [/home/hk/Documents/mini projet(gestion-incidents)/config-repo/application.yml]' via location 'file:/home/hk/Documents/mini%20projet(gestion-incidents)/config-repo/'
2026-02-21T16:10:11.986Z  INFO 530402 --- [config-service] [nio-8888-exec-4] .c.s.e.MultipleJGitEnvironmentRepository : Cannot pull from remote null, the working tree is not clean.
2026-02-21T16:10:11.997Z  WARN 530402 --- [config-service] [nio-8888-exec-4] .c.s.e.MultipleJGitEnvironmentRepository : Could not merge remote for main remote: null
2026-02-21T16:10:12.001Z  WARN 530402 --- [config-service] [nio-8888-exec-4] .c.s.e.MultipleJGitEnvironmentRepository : The local repository is dirty or ahead of origin. Resetting it to origin/main.
2026-02-21T16:10:12.003Z  WARN 530402 --- [config-service] [nio-8888-exec-4] .c.s.e.MultipleJGitEnvironmentRepository : Could not reset to remote for main (current ref=refs/remotes/origin/main), remote: null
2026-02-21T16:10:12.020Z  INFO 530402 --- [config-service] [nio-8888-exec-4] o.s.c.c.s.e.NativeEnvironmentRepository  : Adding property source: Config resource 'file [/home/hk/Documents/mini projet(gestion-incidents)/config-repo/gateway-service.yml]' via location 'file:/home/hk/Documents/mini%20projet(gestion-incidents)/config-repo/'
2026-02-21T16:10:12.021Z  INFO 530402 --- [config-service] [nio-8888-exec-4] o.s.c.c.s.e.NativeEnvironmentRepository  : Adding property source: Config resource 'file [/home/hk/Documents/mini projet(gestion-incidents)/config-repo/application.yml]' via location 'file:/home/hk/Documents/mini%20projet(gestion-incidents)/config-repo/'
[[1;34mINFO[m] [1m------------------------------------------------------------------------[m
[[1;34mINFO[m] [1;31mBUILD FAILURE[m
[[1;34mINFO[m] [1m------------------------------------------------------------------------[m
[[1;34mINFO[m] Total time:  21:40 h
[[1;34mINFO[m] Finished at: 2026-02-22T13:50:18Z
[[1;34mINFO[m] [1m------------------------------------------------------------------------[m
[[1;31mERROR[m] Failed to execute goal [32morg.springframework.boot:spring-boot-maven-plugin:4.0.2:run[m [1m(default-cli)[m on project [36mconfig-service[m: [1;31mProcess terminated with exit code: 137[m -> [1m[Help 1][m
[[1;31mERROR[m] 
[[1;31mERROR[m] To see the full stack trace of the errors, re-run Maven with the [1m-e[m switch.
[[1;31mERROR[m] Re-run Maven using the [1m-X[m switch to enable full debug logging.
[[1;31mERROR[m] 
[[1;31mERROR[m] For more information about the errors and possible solutions, please read the following articles:
[[1;31mERROR[m] [1m[Help 1][m http://cwiki.apache.org/confluence/display/MAVEN/MojoExecutionException
