[[1;34mINFO[m] Scanning for projects...
[[1;34mINFO[m] 
[[1;34mINFO[m] [1m--------------------< [0;36mcom.ecommerce:order-service[0;1m >---------------------[m
[[1;34mINFO[m] [1mBuilding order-service 0.0.1-SNAPSHOT[m
[[1;34mINFO[m] [1m--------------------------------[ jar ]---------------------------------[m
[[1;34mINFO[m] 
[[1;34mINFO[m] [1m--- [0;32mmaven-clean-plugin:3.3.2:clean[m [1m(default-clean)[m @ [36morder-service[0;1m ---[m
[[1;34mINFO[m] Deleting /home/hk/ensa-year1-portfolio/05-Architecture Logicielle/TP4/order-service/target
[[1;34mINFO[m] 
[[1;34mINFO[m] [1m--- [0;32mmaven-resources-plugin:3.3.1:resources[m [1m(default-resources)[m @ [36morder-service[0;1m ---[m
[[1;34mINFO[m] Copying 1 resource from src/main/resources to target/classes
[[1;34mINFO[m] Copying 0 resource from src/main/resources to target/classes
[[1;34mINFO[m] 
[[1;34mINFO[m] [1m--- [0;32mmaven-compiler-plugin:3.11.0:compile[m [1m(default-compile)[m @ [36morder-service[0;1m ---[m
[[1;34mINFO[m] Changes detected - recompiling the module! :source
[[1;34mINFO[m] Compiling 9 source files with javac [debug release 17] to target/classes
[[1;34mINFO[m] 
[[1;34mINFO[m] [1m--- [0;32mmaven-resources-plugin:3.3.1:testResources[m [1m(default-testResources)[m @ [36morder-service[0;1m ---[m
[[1;34mINFO[m] skip non existing resourceDirectory /home/hk/ensa-year1-portfolio/05-Architecture Logicielle/TP4/order-service/src/test/resources
[[1;34mINFO[m] 
[[1;34mINFO[m] [1m--- [0;32mmaven-compiler-plugin:3.11.0:testCompile[m [1m(default-testCompile)[m @ [36morder-service[0;1m ---[m
[[1;34mINFO[m] No sources to compile
[[1;34mINFO[m] 
[[1;34mINFO[m] [1m--- [0;32mmaven-surefire-plugin:3.1.2:test[m [1m(default-test)[m @ [36morder-service[0;1m ---[m
[[1;34mINFO[m] No tests to run.
[[1;34mINFO[m] 
[[1;34mINFO[m] [1m--- [0;32mmaven-jar-plugin:3.3.0:jar[m [1m(default-jar)[m @ [36morder-service[0;1m ---[m
[[1;34mINFO[m] Building jar: /home/hk/ensa-year1-portfolio/05-Architecture Logicielle/TP4/order-service/target/order-service-0.0.1-SNAPSHOT.jar
[[1;34mINFO[m] 
[[1;34mINFO[m] [1m--- [0;32mspring-boot-maven-plugin:3.2.4:repackage[m [1m(repackage)[m @ [36morder-service[0;1m ---[m
[[1;34mINFO[m] Replacing main artifact /home/hk/ensa-year1-portfolio/05-Architecture Logicielle/TP4/order-service/target/order-service-0.0.1-SNAPSHOT.jar with repackaged archive, adding nested dependencies in BOOT-INF/.
[[1;34mINFO[m] The original artifact has been renamed to /home/hk/ensa-year1-portfolio/05-Architecture Logicielle/TP4/order-service/target/order-service-0.0.1-SNAPSHOT.jar.original
[[1;34mINFO[m] 
[[1;34mINFO[m] [1m--- [0;32mmaven-install-plugin:3.1.1:install[m [1m(default-install)[m @ [36morder-service[0;1m ---[m
[[1;34mINFO[m] Installing /home/hk/ensa-year1-portfolio/05-Architecture Logicielle/TP4/order-service/pom.xml to /home/hk/.m2/repository/com/ecommerce/order-service/0.0.1-SNAPSHOT/order-service-0.0.1-SNAPSHOT.pom
[[1;34mINFO[m] Installing /home/hk/ensa-year1-portfolio/05-Architecture Logicielle/TP4/order-service/target/order-service-0.0.1-SNAPSHOT.jar to /home/hk/.m2/repository/com/ecommerce/order-service/0.0.1-SNAPSHOT/order-service-0.0.1-SNAPSHOT.jar
[[1;34mINFO[m] [1m------------------------------------------------------------------------[m
[[1;34mINFO[m] [1;32mBUILD SUCCESS[m
[[1;34mINFO[m] [1m------------------------------------------------------------------------[m
[[1;34mINFO[m] Total time:  7.110 s
[[1;34mINFO[m] Finished at: 2026-03-22T15:47:43+01:00
[[1;34mINFO[m] [1m------------------------------------------------------------------------[m
