
  .   ____          _            __ _ _
 /\\ / ___'_ __ _ _(_)_ __  __ _ \ \ \ \
( ( )\___ | '_ | '_| | '_ \/ _` | \ \ \ \
 \\/  ___)| |_)| | | | | || (_| |  ) ) ) )
  '  |____| .__|_| |_|_| |_\__, | / / / /
 =========|_|==============|___/=/_/_/_/
 :: Spring Boot ::                (v3.2.3)

2026-03-06T23:27:44.859Z  INFO 888747 --- [           main] c.e.campuseco.CampusEcoApplication       : Starting CampusEcoApplication v0.0.1-SNAPSHOT using Java 17.0.18 with PID 888747 (/home/hk/ensa-year1-portfolio/10-Gestion des projets agile/MiniProjet/target/campus-eco-0.0.1-SNAPSHOT.jar started by hk in /home/hk/ensa-year1-portfolio/10-Gestion des projets agile/MiniProjet)
2026-03-06T23:27:44.866Z  INFO 888747 --- [           main] c.e.campuseco.CampusEcoApplication       : No active profile set, falling back to 1 default profile: "default"
2026-03-06T23:27:46.598Z  INFO 888747 --- [           main] .s.d.r.c.RepositoryConfigurationDelegate : Bootstrapping Spring Data JPA repositories in DEFAULT mode.
2026-03-06T23:27:46.709Z  INFO 888747 --- [           main] .s.d.r.c.RepositoryConfigurationDelegate : Finished Spring Data repository scanning in 93 ms. Found 1 JPA repository interface.
2026-03-06T23:27:47.823Z  INFO 888747 --- [           main] o.s.b.w.embedded.tomcat.TomcatWebServer  : Tomcat initialized with port 8080 (http)
2026-03-06T23:27:47.850Z  INFO 888747 --- [           main] o.apache.catalina.core.StandardService   : Starting service [Tomcat]
2026-03-06T23:27:47.850Z  INFO 888747 --- [           main] o.apache.catalina.core.StandardEngine    : Starting Servlet engine: [Apache Tomcat/10.1.19]
2026-03-06T23:27:47.932Z  INFO 888747 --- [           main] o.a.c.c.C.[Tomcat].[localhost].[/]       : Initializing Spring embedded WebApplicationContext
2026-03-06T23:27:47.934Z  INFO 888747 --- [           main] w.s.c.ServletWebServerApplicationContext : Root WebApplicationContext: initialization completed in 2884 ms
2026-03-06T23:27:48.278Z  INFO 888747 --- [           main] o.hibernate.jpa.internal.util.LogHelper  : HHH000204: Processing PersistenceUnitInfo [name: default]
2026-03-06T23:27:48.404Z  INFO 888747 --- [           main] org.hibernate.Version                    : HHH000412: Hibernate ORM core version 6.4.4.Final
2026-03-06T23:27:48.478Z  INFO 888747 --- [           main] o.h.c.internal.RegionFactoryInitiator    : HHH000026: Second-level cache disabled
2026-03-06T23:27:48.934Z  INFO 888747 --- [           main] o.s.o.j.p.SpringPersistenceUnitInfo      : No LoadTimeWeaver setup: ignoring JPA class transformer
2026-03-06T23:27:49.001Z  INFO 888747 --- [           main] com.zaxxer.hikari.HikariDataSource       : HikariPool-1 - Starting...
2026-03-06T23:27:49.226Z  INFO 888747 --- [           main] com.zaxxer.hikari.pool.HikariPool        : HikariPool-1 - Added connection org.sqlite.jdbc4.JDBC4Connection@7ccd611e
2026-03-06T23:27:49.229Z  INFO 888747 --- [           main] com.zaxxer.hikari.HikariDataSource       : HikariPool-1 - Start completed.
2026-03-06T23:27:50.444Z  INFO 888747 --- [           main] o.h.e.t.j.p.i.JtaPlatformInitiator       : HHH000489: No JTA platform available (set 'hibernate.transaction.jta.platform' to enable JTA platform integration)
2026-03-06T23:27:50.490Z  INFO 888747 --- [           main] j.LocalContainerEntityManagerFactoryBean : Initialized JPA EntityManagerFactory for persistence unit 'default'
2026-03-06T23:27:51.053Z  WARN 888747 --- [           main] JpaBaseConfiguration$JpaWebConfiguration : spring.jpa.open-in-view is enabled by default. Therefore, database queries may be performed during view rendering. Explicitly configure spring.jpa.open-in-view to disable this warning
2026-03-06T23:27:51.784Z  WARN 888747 --- [           main] ConfigServletWebServerApplicationContext : Exception encountered during context initialization - cancelling refresh attempt: org.springframework.context.ApplicationContextException: Failed to start bean 'webServerStartStop'
2026-03-06T23:27:51.788Z  INFO 888747 --- [           main] j.LocalContainerEntityManagerFactoryBean : Closing JPA EntityManagerFactory for persistence unit 'default'
2026-03-06T23:27:51.792Z  INFO 888747 --- [           main] com.zaxxer.hikari.HikariDataSource       : HikariPool-1 - Shutdown initiated...
2026-03-06T23:27:51.797Z  INFO 888747 --- [           main] com.zaxxer.hikari.HikariDataSource       : HikariPool-1 - Shutdown completed.
2026-03-06T23:27:51.830Z  INFO 888747 --- [           main] .s.b.a.l.ConditionEvaluationReportLogger : 

Error starting ApplicationContext. To display the condition evaluatiHibernate: select s1_0.id,s1_0.date_creation,s1_0.description,s1_0.lieu,s1_0.statut,s1_0.type_probleme from signalement s1_0
Hibernate: select s1_0.id,s1_0.date_creation,s1_0.description,s1_0.lieu,s1_0.statut,s1_0.type_probleme from signalement s1_0
Hibernate: insert into signalement (date_creation,description,lieu,statut,type_probleme) values (?,?,?,?,?)
Hibernate: select last_insert_rowid()
Hibernate: insert into signalement (date_creation,description,lieu,statut,type_probleme) values (?,?,?,?,?)
Hibernate: select last_insert_rowid()
Hibernate: insert into signalement (date_creation,description,lieu,statut,type_probleme) values (?,?,?,?,?)
Hibernate: select last_insert_rowid()
Hibernate: insert into signalement (date_creation,description,lieu,statut,type_probleme) values (?,?,?,?,?)
Hibernate: select last_insert_rowid()
2026-03-10T15:31:14.847Z  WARN 888503 --- [l-1 housekeeper] com.zaxxer.hikari.pool.HikariPool        : HikariPool-1 - Thread starvation or clock leap detected (housekeeper delta=49s205ms363µs249ns).
