[[1;34mINFO[m] Scanning for projects...
[[1;34mINFO[m] 
[[1;34mINFO[m] [1m-----------------------< [0;36mcom.ensa:eureka-server[0;1m >-----------------------[m
[[1;34mINFO[m] [1mBuilding eureka-server 0.0.1-SNAPSHOT[m
[[1;34mINFO[m] [1m--------------------------------[ jar ]---------------------------------[m
[[1;34mINFO[m] 
[[1;34mINFO[m] [1m>>> [0;32mspring-boot-maven-plugin:4.0.2:run[m [1m(default-cli)[0;1m > [0;1mtest-compile[m @ [36meureka-server[0;1m >>>[m
[[1;34mINFO[m] 
[[1;34mINFO[m] [1m--- [0;32mmaven-resources-plugin:3.3.1:resources[m [1m(default-resources)[m @ [36meureka-server[0;1m ---[m
[[1;34mINFO[m] Copying 1 resource from src/main/resources to target/classes
[[1;34mINFO[m] Copying 0 resource from src/main/resources to target/classes
[[1;34mINFO[m] 
[[1;34mINFO[m] [1m--- [0;32mmaven-compiler-plugin:3.14.1:compile[m [1m(default-compile)[m @ [36meureka-server[0;1m ---[m
[[1;34mINFO[m] Nothing to compile - all classes are up to date.
[[1;34mINFO[m] 
[[1;34mINFO[m] [1m--- [0;32mmaven-resources-plugin:3.3.1:testResources[m [1m(default-testResources)[m @ [36meureka-server[0;1m ---[m
[[1;34mINFO[m] skip non existing resourceDirectory /home/hk/Documents/mini projet(gestion-incidents)/gestion-incidents/services/eureka-server/src/test/resources
[[1;34mINFO[m] 
[[1;34mINFO[m] [1m--- [0;32mmaven-compiler-plugin:3.14.1:testCompile[m [1m(default-testCompile)[m @ [36meureka-server[0;1m ---[m
[[1;34mINFO[m] Nothing to compile - all classes are up to date.
[[1;34mINFO[m] 
[[1;34mINFO[m] [1m<<< [0;32mspring-boot-maven-plugin:4.0.2:run[m [1m(default-cli)[0;1m < [0;1mtest-compile[m @ [36meureka-server[0;1m <<<[m
[[1;34mINFO[m] 
[[1;34mINFO[m] 
[[1;34mINFO[m] [1m--- [0;32mspring-boot-maven-plugin:4.0.2:run[m [1m(default-cli)[m @ [36meureka-server[0;1m ---[m
[[1;34mINFO[m] Attaching agents: []

  .   ____          _            __ _ _
 /\\ / ___'_ __ _ _(_)_ __  __ _ \ \ \ \
( ( )\___ | '_ | '_| | '_ \/ _` | \ \ \ \
 \\/  ___)| |_)| | | | | || (_| |  ) ) ) )
  '  |____| .__|_| |_|_| |_\__, | / / / /
 =========|_|==============|___/=/_/_/_/

 :: Spring Boot ::                (v4.0.2)

2026-02-22T14:15:16.777Z  INFO 571733 --- [discovery-service] [           main] c.e.discovery.EurekaServerApplication    : Starting EurekaServerApplication using Java 17.0.18 with PID 571733 (/home/hk/Documents/mini projet(gestion-incidents)/gestion-incidents/services/eureka-server/target/classes started by hk in /home/hk/Documents/mini projet(gestion-incidents)/gestion-incidents/services/eureka-server)
2026-02-22T14:15:16.783Z  INFO 571733 --- [discovery-service] [           main] c.e.discovery.EurekaServerApplication    : No active profile set, falling back to 1 default profile: "default"
2026-02-22T14:15:19.794Z  INFO 571733 --- [discovery-service] [           main] o.s.cloud.context.scope.GenericScope     : BeanFactory id=e69e570a-a6c3-3580-ab9a-8a91c9d35c62
2026-02-22T14:15:20.367Z  INFO 571733 --- [discovery-service] [           main] o.s.boot.tomcat.TomcatWebServer          : Tomcat initialized with port 8761 (http)
2026-02-22T14:15:20.402Z  INFO 571733 --- [discovery-service] [           main] o.apache.catalina.core.StandardService   : Starting service [Tomcat]
2026-02-22T14:15:20.402Z  INFO 571733 --- [discovery-service] [           main] o.apache.catalina.core.StandardEngine    : Starting Servlet engine: [Apache Tomcat/11.0.15]
2026-02-22T14:15:20.514Z  INFO 571733 --- [discovery-service] [           main] b.w.c.s.WebApplicationContextInitializer : Root WebApplicationContext: initialization completed in 3605 ms
2026-02-22T14:15:22.550Z  INFO 571733 --- [discovery-service] [           main] c.n.d.provider.DiscoveryJerseyProvider   : Using JSON encoding codec LegacyJacksonJson
2026-02-22T14:15:22.550Z  INFO 571733 --- [discovery-service] [           main] c.n.d.provider.DiscoveryJerseyProvider   : Using JSON decoding codec LegacyJacksonJson
2026-02-22T14:15:22.960Z  INFO 571733 --- [discovery-service] [           main] c.n.d.provider.DiscoveryJerseyProvider   : Using XML encoding codec XStreamXml
2026-02-22T14:15:22.961Z  INFO 571733 --- [discovery-service] [           main] c.n.d.provider.DiscoveryJerseyProvider   : Using XML decoding codec XStreamXml
2026-02-22T14:15:23.489Z  INFO 571733 --- [discovery-service] [           main] o.s.v.b.OptionalValidatorFactoryBean     : Failed to set up a Bean Validation provider: jakarta.validation.NoProviderFoundException: Unable to create a Configuration, because no Jakarta Validation provider could be found. Add a provider like Hibernate Validator (RI) to your classpath.
2026-02-22T14:15:24.696Z  WARN 571733 --- [discovery-service] [           main] iguration$LoadBalancerCaffeineWarnLogger : Spring Cloud LoadBalancer is currently working with the default cache. While this cache implementation is useful for development and tests, it's recommended to use Caffeine cache in production.You can switch to using Caffeine cache, by adding it and org.springframework.cache.caffeine.CaffeineCacheManager to the classpath.
2026-02-22T14:15:24.723Z  INFO 571733 --- [discovery-service] [           main] o.s.c.n.eureka.InstanceInfoFactory       : Setting initial instance status as: STARTING
2026-02-22T14:15:24.750Z  INFO 571733 --- [discovery-service] [           main] com.netflix.discovery.DiscoveryClient    : Initializing Eureka in region us-east-1
2026-02-22T14:15:24.750Z  INFO 571733 --- [discovery-service] [           main] com.netflix.discovery.DiscoveryClient    : Client configured to neither register nor query for data.
2026-02-22T14:15:24.753Z  INFO 571733 --- [discovery-service] [           main] com.netflix.discovery.DiscoveryClient    : Discovery Client initialized at timestamp 1771769724752 with initial instances count: 0
2026-02-22T14:15:24.800Z  INFO 571733 --- [discovery-service] [           main] c.n.eureka.DefaultEurekaServerContext    : Initializing ...
2026-02-22T14:15:24.802Z  INFO 571733 --- [discovery-service] [           main] c.n.eureka.cluster.PeerEurekaNodes       : Adding new peer nodes [http://localhost:8761/eureka/]
2026-02-22T14:15:24.957Z  INFO 571733 --- [discovery-service] [           main] c.n.d.provider.DiscoveryJerseyProvider   : Using JSON encoding codec LegacyJacksonJson
2026-02-22T14:15:24.957Z  INFO 571733 --- [discovery-service] [           main] c.n.d.provider.DiscoveryJerseyProvider   : Using JSON decoding codec LegacyJacksonJson
2026-02-22T14:15:24.957Z  INFO 571733 --- [discovery-service] [           main] c.n.d.provider.DiscoveryJerseyProvider   : Using XML encoding codec XStreamXml
2026-02-22T14:15:24.957Z  INFO 571733 --- [discovery-service] [           main] c.n.d.provider.DiscoveryJerseyProvider   : Using XML decoding codec XStreamXml
2026-02-22T14:15:25.010Z  INFO 571733 --- [discovery-service] [           main] c.n.eureka.cluster.PeerEurekaNodes       : Replica node URL:  http://localhost:8761/eureka/
2026-02-22T14:15:25.020Z  INFO 571733 --- [discovery-service] [           main] c.n.e.registry.AbstractInstanceRegistry  : Finished initializing remote region registries. All known remote regions: []
2026-02-22T14:15:25.021Z  INFO 571733 --- [discovery-service] [           main] c.n.eureka.DefaultEurekaServerContext    : Initialized
2026-02-22T14:15:25.033Z  INFO 571733 --- [discovery-service] [           main] o.s.b.a.e.web.EndpointLinksResolver      : Exposing 1 endpoint beneath base path '/actuator'
2026-02-22T14:15:25.098Z  INFO 571733 --- [discovery-service] [           main] o.s.c.n.e.s.EurekaServiceRegistry        : Registering application DISCOVERY-SERVICE with eureka with status UP
2026-02-22T14:15:25.112Z  INFO 571733 --- [discovery-service] [       Thread-9] o.s.c.n.e.server.EurekaServerBootstrap   : isAws returned false
2026-02-22T14:15:25.113Z  INFO 571733 --- [discovery-service] [       Thread-9] o.s.c.n.e.server.EurekaServerBootstrap   : Initialized server context
2026-02-22T14:15:25.113Z  INFO 571733 --- [discovery-service] [       Thread-9] c.n.e.r.PeerAwareInstanceRegistryImpl    : Got 1 instances from neighboring DS node
2026-02-22T14:15:25.113Z  INFO 571733 --- [discovery-service] [       Thread-9] c.n.e.r.PeerAwareInstanceRegistryImpl    : Renew threshold is: 1
2026-02-22T14:15:25.114Z  INFO 571733 --- [discovery-service] [       Thread-9] c.n.e.r.PeerAwareInstanceRegistryImpl    : Changing status to UP
2026-02-22T14:15:25.118Z  INFO 571733 --- [discovery-service] [       Thread-9] e.s.EurekaServerInitializerConfiguration : Started Eureka Server
2026-02-22T14:15:25.120Z  INFO 571733 --- [discovery-service] [           main] o.s.boot.tomcat.TomcatWebServer          : Tomcat started on port 8761 (http) with context path '/'
2026-02-22T14:15:25.122Z  INFO 571733 --- [discovery-service] [           main] .s.c.n.e.s.EurekaAutoServiceRegistration : Updating port to 8761
2026-02-22T14:15:25.144Z  INFO 571733 --- [discovery-service] [           main] c.e.discovery.EurekaServerApplication    : Started EurekaServerApplication in 9.328 seconds (process running for 10.836)
2026-02-22T14:15:32.794Z  INFO 571733 --- [discovery-service] [nio-8761-exec-1] o.a.c.c.C.[Tomcat].[localhost].[/]       : Initializing Spring DispatcherServlet 'dispatcherServlet'
2026-02-22T14:15:32.795Z  INFO 571733 --- [discovery-service] [nio-8761-exec-1] o.s.web.servlet.DispatcherServlet        : Initializing Servlet 'dispatcherServlet'
2026-02-22T14:15:32.797Z  INFO 571733 --- [discovery-service] [nio-8761-exec-1] o.s.web.servlet.DispatcherServlet        : Completed initialization in 2 ms
2026-02-22T14:15:33.221Z  INFO 571733 --- [discovery-service] [nio-8761-exec-2] c.n.e.registry.AbstractInstanceRegistry  : Registered instance INCIDENT-SERVICE/192.168.11.110:incident-service:8081 with status DOWN (replication=false)
2026-02-22T14:15:33.244Z  INFO 571733 --- [discovery-service] [nio-8761-exec-3] c.n.e.registry.AbstractInstanceRegistry  : Registered instance INCIDENT-SERVICE/192.168.11.110:incident-service:8081 with status DOWN (replication=false)
2026-02-22T14:15:33.277Z  INFO 571733 --- [discovery-service] [nio-8761-exec-4] c.n.e.registry.AbstractInstanceRegistry  : Cancelled instance INCIDENT-SERVICE/192.168.11.110:incident-service:8081 (replication=false)
2026-02-22T14:15:34.081Z  INFO 571733 --- [discovery-service] [nio-8761-exec-7] c.n.e.registry.AbstractInstanceRegistry  : Registered instance INCIDENT-SERVICE/192.168.11.110:incident-service:8081 with status DOWN (replication=true)
2026-02-22T14:15:34.082Z  INFO 571733 --- [discovery-service] [nio-8761-exec-7] c.n.e.registry.AbstractInstanceRegistry  : Cancelled instance INCIDENT-SERVICE/192.168.11.110:incident-service:8081 (replication=true)
2026-02-22T14:16:08.562Z  INFO 571733 --- [discovery-service] [nio-8761-exec-9] c.n.e.registry.AbstractInstanceRegistry  : Registered instance GATEWAY-SERVICE/192.168.11.110:gateway-service:8080 with status UP (replication=false)
2026-02-22T14:16:09.085Z  INFO 571733 --- [discovery-service] [io-8761-exec-10] c.n.e.registry.AbstractInstanceRegistry  : Registered instance GATEWAY-SERVICE/192.168.11.110:gateway-service:8080 with status UP (replication=true)
2026-02-22T14:16:25.115Z  INFO 571733 --- [discovery-service] [a-EvictionTimer] c.n.e.registry.AbstractInstanceRegistry  : Running the evict task with compensationTime 0ms
2026-02-22T14:16:51.532Z  INFO 571733 --- [discovery-service] [nio-8761-exec-5] c.n.e.registry.AbstractInstanceRegistry  : Registered instance INCIDENT-SERVICE/192.168.11.110:incident-service:8081 with status UP (replication=false)
2026-02-22T14:16:52.049Z  INFO 571733 --- [discovery-service] [nio-8761-exec-7] c.n.e.registry.AbstractInstanceRegistry  : Registered instance INCIDENT-SERVICE/192.168.11.110:incident-service:8081 with status UP (replication=true)
2026-02-22T14:17:25.116Z  INFO 571733 --- [discovery-service] [a-EvictionTimer] c.n.e.registry.AbstractInstanceRegistry  : Running the evict task with compensationTime 0ms
2026-02-22T14:18:25.117Z  INFO 571733 --- [discovery-service] [a-EvictionTimer] c.n.e.registry.AbstractInstanceRegistry  : Running the evict task with compensationTime 1ms
2026-02-22T14:19:25.118Z  INFO 571733 --- [discovery-service] [a-EvictionTimer] c.n.e.registry.AbstractInstanceRegistry  : Running the evict task with compensationTime 0ms
2026-02-22T14:20:25.118Z  INFO 571733 --- [discovery-service] [a-EvictionTimer] c.n.e.registry.AbstractInstanceRegistry  : Running the evict task with compensationTime 0ms
2026-02-22T14:21:25.118Z  INFO 571733 --- [discovery-service] [a-EvictionTimer] c.n.e.registry.AbstractInstanceRegistry  : Running the evict task with compensationTime 0ms
2026-02-22T14:22:25.118Z  INFO 571733 --- [discovery-service] [a-EvictionTimer] c.n.e.registry.AbstractInstanceRegistry  : Running the evict task with compensationTime 0ms
2026-02-22T14:23:25.118Z  INFO 571733 --- [discovery-service] [a-EvictionTimer] c.n.e.registry.AbstractInstanceRegistry  : Running the evict task with compensationTime 0ms
2026-02-22T14:24:25.118Z  INFO 571733 --- [discovery-service] [a-EvictionTimer] c.n.e.registry.AbstractInstanceRegistry  : Running the evict task with compensationTime 0ms
2026-02-22T14:25:13.214Z  INFO 571733 --- [discovery-service] [nio-8761-exec-8] c.n.e.registry.AbstractInstanceRegistry  : Registered instance INCIDENT-SERVICE/192.168.11.110:incident-service:8081 with status DOWN (replication=false)
2026-02-22T14:25:13.735Z  INFO 571733 --- [discovery-service] [nio-8761-exec-9] c.n.e.registry.AbstractInstanceRegistry  : Registered instance INCIDENT-SERVICE/192.168.11.110:incident-service:8081 with status DOWN (replication=true)
2026-02-22T14:25:16.291Z  INFO 571733 --- [discovery-service] [io-8761-exec-10] c.n.e.registry.AbstractInstanceRegistry  : Cancelled instance INCIDENT-SERVICE/192.168.11.110:incident-service:8081 (replication=false)
2026-02-22T14:25:16.804Z  WARN 571733 --- [discovery-service] [nio-8761-exec-3] c.n.e.registry.AbstractInstanceRegistry  : DS: Registry: cancel failed because Lease is not registered for: INCIDENT-SERVICE/192.168.11.110:incident-service:8081
2026-02-22T14:25:16.804Z  INFO 571733 --- [discovery-service] [nio-8761-exec-3] c.n.eureka.resources.InstanceResource    : Not Found (Cancel): INCIDENT-SERVICE - 192.168.11.110:incident-service:8081
2026-02-22T14:25:16.810Z  WARN 571733 --- [discovery-service] [get_localhost-6] c.n.eureka.cluster.ReplicationTask       : The replication of task INCIDENT-SERVICE/192.168.11.110:incident-service:8081:Cancel@localhost failed with response code 404
2026-02-22T14:25:16.812Z  WARN 571733 --- [discovery-service] [get_localhost-6] c.netflix.eureka.cluster.PeerEurekaNode  : INCIDENT-SERVICE/192.168.11.110:incident-service:8081:Cancel@localhost: missing entry.
2026-02-22T14:25:25.119Z  INFO 571733 --- [discovery-service] [a-EvictionTimer] c.n.e.registry.AbstractInstanceRegistry  : Running the evict task with compensationTime 0ms
2026-02-22T14:26:25.119Z  INFO 571733 --- [discovery-service] [a-EvictionTimer] c.n.e.registry.AbstractInstanceRegistry  : Running the evict task with compensationTime 0ms
2026-02-22T14:27:25.120Z  INFO 571733 --- [discovery-service] [a-EvictionTimer] c.n.e.registry.AbstractInstanceRegistry  : Running the evict task with compensationTime 0ms
2026-02-22T14:28:05.308Z  INFO 571733 --- [discovery-service] [nio-8761-exec-9] c.n.e.registry.AbstractInstanceRegistry  : Registered instance GATEWAY-SERVICE/192.168.11.110:gateway-service:8080 with status DOWN (replication=false)
2026-02-22T14:28:05.823Z  INFO 571733 --- [discovery-service] [io-8761-exec-10] c.n.e.registry.AbstractInstanceRegistry  : Registered instance GATEWAY-SERVICE/192.168.11.110:gateway-service:8080 with status DOWN (replication=true)
2026-02-22T14:28:10.338Z  INFO 571733 --- [discovery-service] [nio-8761-exec-4] c.n.e.registry.AbstractInstanceRegistry  : Cancelled instance GATEWAY-SERVICE/192.168.11.110:gateway-service:8080 (replication=false)
2026-02-22T14:28:10.415Z  INFO 571733 --- [discovery-service] [ionShutdownHook] o.s.c.n.e.s.EurekaServiceRegistry        : Unregistering application DISCOVERY-SERVICE with eureka with status DOWN
2026-02-22T14:28:10.419Z  INFO 571733 --- [discovery-service] [ionShutdownHook] o.s.boot.tomcat.GracefulShutdown         : Commencing graceful shutdown. Waiting for active requests to complete
2026-02-22T14:28:10.421Z  INFO 571733 --- [discovery-service] [tomcat-shutdown] o.s.boot.tomcat.GracefulShutdown         : Graceful shutdown complete
2026-02-22T14:28:10.423Z  INFO 571733 --- [discovery-service] [ionShutdownHook] o.s.c.n.e.server.EurekaServerBootstrap   : Shutting down Eureka Server..
2026-02-22T14:28:10.423Z  INFO 571733 --- [discovery-service] [ionShutdownHook] c.n.eureka.DefaultEurekaServerContext    : Shutting down ...
2026-02-22T14:28:10.427Z  INFO 571733 --- [discovery-service] [ionShutdownHook] c.n.eureka.DefaultEurekaServerContext    : Shut down
2026-02-22T14:28:10.427Z  INFO 571733 --- [discovery-service] [ionShutdownHook] o.s.c.n.e.server.EurekaServerBootstrap   : Eureka Service is now shutdown...
2026-02-22T14:28:10.428Z  INFO 571733 --- [discovery-service] [ionShutdownHook] c.n.eureka.DefaultEurekaServerContext    : Shutting down ...
2026-02-22T14:28:10.428Z  INFO 571733 --- [discovery-service] [ionShutdownHook] c.n.eureka.DefaultEurekaServerContext    : Shut down
2026-02-22T14:28:10.436Z  INFO 571733 --- [discovery-service] [ionShutdownHook] com.netflix.discovery.DiscoveryClient    : Shutting down DiscoveryClient ...
2026-02-22T14:28:10.436Z  INFO 571733 --- [discovery-service] [ionShutdownHook] com.netflix.discovery.DiscoveryClient    : Completed shut down of DiscoveryClient
